====================================================================================================
Lint Check Report
Questa Lint  Version 2021.1 4558100 win64 28-Jan-2021

Timestamp            : Tue Jul 29 21:39:30 2025
Description          : Report for referring checks count, check violations details, and  design information
Design               : SPI_slave_with_RAM
Database             : C:/Users/hp/OneDrive/Desktop/DD_Diploma/SPI_Slave_with_Single_Port_RAM/Lint/lint.db
Design Quality Score : 100%

Sections:
   Section 1 : Check Summary
   Section 2 : Check Details
   Section 3 : Design Information
====================================================================================================


====================================================================================================
Section 1 : Check Summary
====================================================================================================
-------------
| Error (0) |
-------------

---------------
| Warning (0) |
---------------

------------
| Info (4) |
------------
  always_signal_assign_large              : 1
  multi_ports_in_single_line              : 3

----------------
| Resolved (0) |
----------------


====================================================================================================
Section 2 : Check Details
====================================================================================================
-------------
| Error (0) |
-------------


---------------
| Warning (0) |
---------------


------------
| Info (4) |
------------

Check: always_signal_assign_large [Category: Rtl Design Style] (1)
       [Message: Always block has more signal assignments than the specified limit. Total count '<count>', Specified limit '<limit>', Module '<module>', File '<file>', Line '<line>'.]
----------------------------------------------------------------------------------------------------------------------------------------------------------------------------------------
always_signal_assign_large: [uninspected] Always block has more signal assignments than the specified limit. Total count '6', Specified limit '5', Module 'SPI_slave', File 'C:/Users/hp/OneDrive/Desktop/DD_Diploma/SPI_Slave_with_Single_Port_RAM/SPI_slave.v', Line '84'.


Check: multi_ports_in_single_line [Category: Rtl Design Style] (3)
       [Message: Multiple ports are declared in one line. Module '<module>', File '<file>', Line '<line>'.]
------------------------------------------------------------------------------------------------------------
multi_ports_in_single_line: [uninspected] Multiple ports are declared in one line. Module 'RAM', File 'C:/Users/hp/OneDrive/Desktop/DD_Diploma/SPI_Slave_with_Single_Port_RAM/RAM.v', Line '5'.

multi_ports_in_single_line: [uninspected] Multiple ports are declared in one line. Module 'SPI_slave', File 'C:/Users/hp/OneDrive/Desktop/DD_Diploma/SPI_Slave_with_Single_Port_RAM/SPI_slave.v', Line '3'.
    1 more occurrence at: line 6.

multi_ports_in_single_line: [uninspected] Multiple ports are declared in one line. Module 'SPI_slave_with_RAM', File 'C:/Users/hp/OneDrive/Desktop/DD_Diploma/SPI_Slave_with_Single_Port_RAM/SPI_slave_with_RAM.v', Line '2'.



----------------
| Resolved (0) |
----------------



====================================================================================================
Section 3 : Design Information
====================================================================================================
-----------
| Summary |
-----------
  Register Bits                           : 64
  Latch Bits                              : 0
  User-specified Blackboxes               : 0
  Inferred Blackboxes                     : 0
  Empty Modules                           : 0
  Unresolved Modules                      : 0
  Hierarchical IPs                        : 0

