================================================================================
== Profile: REAL-TIME, CPU-freq = 0.00 GHz
                                                          Calls Real-Time  Parent 
                                                                   (secs) fraction

    <zixl_543IiP35>~_zixl                                                1 21679697680.0 (100.0%)
  zixl_z57-ZAiL~_zixl                                                    1 21679697680.0         
    zixl_iSe2-4IPr155~_zixl                                              1 1941295032.0 (  9.0%)
      zixl_tP42-1eAyPIA2iPL~_zixl                                        1 1134758455.0 ( 58.5%)
        zixl_tP42-ZAiL~_zixl                                             1 882069666.0 ( 77.7%)
          zixl_bgV-NIAL5eA2iPL~_zixl                                     1 273967786.0 ( 31.1%)
            zixl_iSe2-2IAL5eA21-tePq~_zixl                               3 53698854.0 ( 19.6%)
              zixl_2IAL5eA2iLq~_zixl                                     3 53466426.0 ( 99.6%)
                zixl_2IAL5eA21-tePq~_zixl                                3 3973686.0 (  7.4%)
                <zixl_I152>~_zixl                                          49445038.0 ( 92.5%)
            zixl_V91rdrP41 [R]~_zixl                                    55 27633884.0 ( 10.1%)
            <zixl_I152>~_zixl                                              192635048.0 ( 70.3%)
          zixl_eiL2-4I1-1eAy-rAeeyAr8~_zixl                             11 38015702.0 (  4.3%)
            zixl_V91rdrP41 [E]~_zixl                                    13 2384254.0 (  6.3%)
            <zixl_I152>~_zixl                                              35631448.0 ( 93.7%)
          <zixl_I152>~_zixl                                                569420570.0 ( 64.6%)
        <zixl_I152>~_zixl                                                  252688789.0 ( 22.3%)
      zixl_bgV-I152PI1-UPI8-ZA44iLq~_zixl                                1 283859435.0 ( 14.6%)
      zixl_5At1-tP42-SA2A~_zixl                                          1 80891513.0 (  4.2%)
        zixl_iSe2-5At1~_zixl                                             1 80881467.0 (100.0%)
          zixl_42-5At1~_zixl                                             3 74390341.0 ( 92.0%)
          zixl_iSe2-32q-5At1~_zixl                                       1 2791336.0 (  3.5%)
          zixl_4rSy-5At1-iL21IZ1SiA21~_zixl                              1 1860972.0 (  2.3%)
          <zixl_I152>~_zixl                                                1838818.0 (  2.3%)
      <zixl_I152>~_zixl                                                    431053357.0 ( 22.2%)
    <zixl_I152>~_zixl                                                      19738338740.0 ( 91.0%)


================================================================================
== Profile: PEAK-MEMORY, CPU-freq = 0.00 GHz
                                                          Calls   Peak-Mb         
                                                                                  

