================================================================================
== Profile: REAL-TIME, CPU-freq = 0.00 GHz
                                                          Calls Real-Time  Parent 
                                                                   (secs) fraction

    <zixl_543IiP35>~_zixl                                                1 56825489206.0 (100.0%)
  zixl_z57-ZAiL~_zixl                                                    1 56825489206.0         
    zixl_iSe2-4IPr155~_zixl                                              1 5681313288.0 ( 10.0%)
      zixl_tP42-1eAyPIA2iPL~_zixl                                        1 3799354726.0 ( 66.9%)
        zixl_tP42-ZAiL~_zixl                                             1 3288392290.0 ( 86.6%)
          zixl_bgV-NIAL5eA2iPL~_zixl                                     1 795600580.0 ( 24.2%)
            zixl_iSe2-2IAL5eA21-tePq~_zixl                               3 268341400.0 ( 33.7%)
              zixl_2IAL5eA2iLq~_zixl                                     3 262507439.0 ( 97.8%)
                zixl_2IAL5eA21-tePq~_zixl                                3 30409382.0 ( 11.6%)
                <zixl_I152>~_zixl                                          231980785.0 ( 88.4%)
              <zixl_I152>~_zixl                                            5833961.0 (  2.2%)
            zixl_V91rdrP41 [R]~_zixl                                    55 109964480.0 ( 13.8%)
            <zixl_I152>~_zixl                                              417294700.0 ( 52.5%)
          zixl_eiL2-4I1-1eAy-rAeeyAr8~_zixl                             11 329587323.0 ( 10.0%)
            zixl_V91rdrP41 [E]~_zixl                                    13 20979528.0 (  6.4%)
            <zixl_I152>~_zixl                                              308607795.0 ( 93.6%)
          <zixl_I152>~_zixl                                                2158014917.0 ( 65.6%)
        <zixl_I152>~_zixl                                                  510962436.0 ( 13.4%)
      zixl_bgV-I152PI1-UPI8-ZA44iLq~_zixl                                1 565390856.0 ( 10.0%)
      zixl_5At1-tP42-SA2A~_zixl                                          1 237292272.0 (  4.2%)
        zixl_iSe2-5At1~_zixl                                             1 237274702.0 (100.0%)
          zixl_42-5At1~_zixl                                             3 221496250.0 ( 93.4%)
          zixl_iSe2-32q-5At1~_zixl                                       1 5998936.0 (  2.5%)
          zixl_4rSy-5At1-iL21IZ1SiA21~_zixl                              1 3322232.0 (  1.4%)
          <zixl_I152>~_zixl                                                6457284.0 (  2.7%)
      <zixl_I152>~_zixl                                                    1040467297.0 ( 18.3%)
    <zixl_I152>~_zixl                                                      51144109264.0 ( 90.0%)


================================================================================
== Profile: PEAK-MEMORY, CPU-freq = 0.00 GHz
                                                          Calls   Peak-Mb         
                                                                                  

