================================================================================
== Profile: REAL-TIME, CPU-freq = 0.00 GHz
                                                          Calls Real-Time  Parent 
                                                                   (secs) fraction

    <zixl_543IiP35>~_zixl                                                1 27373254745.0 (100.0%)
  zixl_z57-ZAiL~_zixl                                                    1 27373254745.0         
    zixl_iSe2-4IPr155~_zixl                                              1 2431855199.0 (  8.9%)
      zixl_tP42-1eAyPIA2iPL~_zixl                                        1 1699812872.0 ( 69.9%)
        zixl_tP42-ZAiL~_zixl                                             1 1426487062.0 ( 83.9%)
          zixl_eiL2-4I1-1eAy-rAeeyAr8~_zixl                              4 202802206.0 ( 14.2%)
            zixl_V91rdrP41 [E]~_zixl                                     6 11380631.0 (  5.6%)
            <zixl_I152>~_zixl                                              191421575.0 ( 94.4%)
          zixl_bgV-NIAL5eA2iPL~_zixl                                     1 154570016.0 ( 10.8%)
            zixl_V91rdrP41 [R]~_zixl                                    21 33674880.0 ( 21.8%)
            zixl_iSe2-2IAL5eA21-tePq~_zixl                               1 24334269.0 ( 15.7%)
              zixl_2IAL5eA2iLq~_zixl                                     1 22174055.0 ( 91.1%)
                zixl_2IAL5eA21-tePq~_zixl                                1 11319592.0 ( 51.0%)
                zixl_iSe2-rI1A21-32q~_zixl                               1  344756.0 (  1.6%)
                <zixl_I152>~_zixl                                          10509707.0 ( 47.4%)
              <zixl_I152>~_zixl                                            2160214.0 (  8.9%)
            <zixl_I152>~_zixl                                              96560867.0 ( 62.5%)
          <zixl_I152>~_zixl                                                1063630202.0 ( 74.6%)
        <zixl_I152>~_zixl                                                  273325810.0 ( 16.1%)
      zixl_bgV-I152PI1-UPI8-ZA44iLq~_zixl                                1 279454342.0 ( 11.5%)
      zixl_5At1-tP42-SA2A~_zixl                                          1 24911474.0 (  1.0%)
        zixl_iSe2-5At1~_zixl                                             1 24900130.0 (100.0%)
          zixl_42-5At1~_zixl                                             1 9100031.0 ( 36.5%)
          zixl_iSe2-32q-5At1~_zixl                                       1 9068752.0 ( 36.4%)
          zixl_4rSy-5At1-iL21IZ1SiA21~_zixl                              1 2723209.0 ( 10.9%)
          <zixl_I152>~_zixl                                                4008138.0 ( 16.1%)
      <zixl_I152>~_zixl                                                    410498223.0 ( 16.9%)
    <zixl_I152>~_zixl                                                      24941360010.0 ( 91.1%)


================================================================================
== Profile: PEAK-MEMORY, CPU-freq = 0.00 GHz
                                                          Calls   Peak-Mb         
                                                                                  

